L = [1, 2, 7, 8, 9, 10]
S = []
R = [3, 4, 5, 6]
L = [1, 2, A, B, C, 7, 8, 9, 10]
S = []
R = [3, 4, 5, 6]
L = [A, B, C, 5, 6, 7, 8, 9, 10]
S = []
R = [1, 2, 3, 4]
L = [1, 2, 3, 4, 5, 6, A, B, C]
S = []
R = [7, 8, 9, 10]
L = [1, 2, 3, 4, A, B, C, 5, 6, 7, 8, 9, 10]
S = []
R = []
L = [A, B, C, 1, 2, 3, 4, 5, 6, 7, 8, 9, 10]
S = []
R = []
L = [1, 2, 3, 4, 5, 6, 7, 8, 9, A, B, C, 10]
S = []
R = []
L = [1, 2, 3, 4, 5, 6, 7, 8, 9, 10, A, B, C]
S = []
R = []
L = [1, 2, 3, 4, 5, 6, 7, 8, 9, 10, A, B, C]
S = []
R = []
L = [1, 2, 3, 4, 5, 6, 7, 8, 9, 10]
S = [A, B, C]
R = nil
